// Jest Snapshot v1, https://goo.gl/fbAQLP

exports[`react-components-antd exports modules correctly 1`] = `
Array [
  "Star",
  "version",
]
`;
