// Jest Snapshot v1, https://goo.gl/fbAQLP

exports[`renders ./components/star/demo/basic.md correctly 1`] = `null`;
